[   0.000000] Linux version 4.15.0-43-generic (builddd@lgw01-amd64-001) (gcc version 7.3.0 (Ubuntu 7.3.0-16ubuntu3)) #46-Ubuntu SMP Thu Dec 6 14:45:28 UTC 2018 (Ubuntu 4.15.0-43.46-generic 4.15.18)
[    0.000000] Command line: BOOT_IMAGE=/boot/vmlinuz-4.15.0-43-generic root=LABEL=cloudimg-rootfs ro console=tty1 console=ttyS0
[    0.000000] KERNEL supported cpus:
[    0.000000]   Intel GenuineIntel
[    0.000000]   AMD AuthenticAMD
[    0.000000]   Centaur CentaurHauls
[    0.000000] x86/fpu: Supporting XSAVE feature 0x001: 'x87 floating point registers'
[    0.000000] x86/fpu: Supporting XSAVE feature 0x002: 'SSE registers'
[    0.000000] x86/pu: upportngXSAVE feure 0x04 'VX riste'
[  0.0000] x6/fp: tateffset[2] 576, sttesize[2:  256[   0.0000] x86/fu:nabled xstate features 0x7, cotext sizeis832 bytes, using standard' format.
[    0.000000] e820: BIOS-provided physical RAM map:
[    0.000000] BIOS-e820: [mem 0x0000000000000000-0x000000000009fbff] usable
[    0.000000] BIOS-e820: [mem 0x000000000009fc00-0x000000000009ffff] reserved
[    0.000000] BIOS-e820: [mem 0x00000000000f0000-0x00000000000fffff] reserved
[    0.000000] BIOS-e820: [mem 0x0000000000100000-0x000000003ffeffff] usable
[    0.000000] BIOS-e820: [mem 0x000000003fff0000-0x000000003fffffff] ACPI data
[    0.000000] BIOS-e820: [mem 0x00000000fec00000-0x00000000fec00fff] reserved
[    0.000000] BIOS-e820: [mem 0x00000000fee00000-0x00000000fee00fff] reserved
[    0.000000] BIOS-e820: [mem 0x00000000fffc0000-0x00000000ffffffff] reserved
[    0.000000] NX (Execute Disable) protection: active
[    0.000000] SMBIOS 2.5 present.
[    0.000000] DMI: innotek GmbH VirtualBox/VirtualBox, BIOS VirtualBox 12/01/2006
[    0.000000] Hypervisor detected: KVM
[    0.000000] e820: last_pfn = 0x3fff0 max_arch_pfn = 0x400000000
[    0.000000] MTRR: Disabled
[    0.000000] x86/PAT: MTRRs disabled, skipping PAT initialization too.
[    0.000000] CPU MTRRs all blank - virtualized system.
[    0.000000] x86/PAT: Configuration [0-7]: WB  WT  UC- UC  WB  WT  UC- UC  
[    0.000000] found SMP MP-table at [mem 0x0009fff0-0x0009ffff] mapped at [        (ptrval)]
[    0.000000] Scanning 1 areas for low memory corruption
[    0.000000] RAMDISK: [mem 0x359cb000-0x36cdcfff]
[    0.000000] ACPI: Early table checksum verification disabled
[    0.000000] ACPI: RSDP 0x00000000000E0000 000024 (v02 VBOX  )
[    0.000000] ACPI: XSDT 0x000000003FFF0030 00003C (v01 VBOX   VBOXXSDT 00000001 ASL  00000061)
[    0.000000] ACPI: FACP 0x000000003FFF00F0 0000F4 (v04 VBOX   VBOXFACP 00000001 ASL  00000061)
[    0.000000] ACPI: DSDT 0x000000003FFF0470 0021FF (v02 VBOX   VBOXBIOS 00000002 INTL 20100528)
[    0.000000] ACPI: FACS 0x000000003FFF0200 00000
[    0.000000] ACPI: FACS 0x000000003FFF0200 000040
[    0.000000] ACPI: APIC 0x000000003FFF0240 00005C (v02 VBOX   VBOXAPIC 00000001 ASL  00000061)
[    0.000000] ACPI: SSDT 0x000000003FFF02A0 0001CC (v01 VBOX   VBOXCPUT 00000002 INTL 20100528)
[    0.000000] No NUMA configuration found
[    0.000000] Faking a node at [mem 0x0000000000000000-0x000000003ffeffff]
[    0.000000] NODE_DATA0)allocate [em 0x3fc000-0x3ffeffff]
[  0.00000] kv-cck: cpu 0, msr 0:ff4400, rimarypucclo
[    000000]kv-clo: sing msrs 4b564d01 and 4b64d0
   0.00000 kvm-lo: using chd offt of 4369546596 cycles
[    0.000000] clocksource: kvm-clock: mask: 0xffffffffffffffff max_cycles: 0x1cd42e4dffb, max_idle_ns: 881590591483 ns
[    0.000000] Zone ranges
    0.000000]   DMA      [mem 0x0000000000001000-0x0000000000ffffff]
[    0.000000]   DMA32    [mem 0x0000000001000000-0x000000003ffeffff]
[    0.000000]   Normal   empty
[    0.000000]   Device   empty
[    0.000000] Movable zone start for each node
[    0.000000] Early memory node ranges
[    0.000000]   node   0: [mem 0x0000000000001000-0x000000000009efff]
[    0.000000]   node   0: [mem 0x0000000000100000-0x000000003ffeffff]
[    0.000000] Initmem setup node 0 [mem 0x0000000000001000-0x000000003ffeffff]
[    0.000000] Reserved but unavailable: 98 pages
[    0.000000] ACPI: PM-Timer IO Port: 0x4008
[    0.000000] IOAPIC[0]: apic_id 2, version 32, address 0xfec00000, GSI 0-23
[    0.000000] ACPI: INT_SRC_OVR (bus 0 bus_irq 0 global_irq 2 dfl dfl)
[    0.000000] ACPI: INT_SRC_OVR (bus 0 bus_irq 9 global_irq 9 low level)
[    0.000000] Using ACPI (MADT) for SMP configuration information
[    0.000000] smpboot: Allowing 2 CPUs, 0 hotplug CPUs
[    0.000000] PM: Registered nosave memory: [mem 0x00000000-0x00000fff]
[    0.000000] PM: Registered nosave memory: [mem 0x0009f000-0x0009ffff]
[    0.000000] PM: Registered nosave memory: [mem 0x000a0000-0x000effff]
[    0.000000] PM: Registered nosave memory: [mem 0x000f0000-0x000fffff]
[    0.000000] e820: [mem 0x40000000-0xfebfffff] available for PCI devices
[    0.00000] ooting parvitualid erne oKVM[   0.0000] clocksouce refine-jffes: mask 0fffffff ax_cycle 0xfffff, maidle_n: 645596021156 n
[    00000] andom: get_random_bytes called from start_kernel+0x99/0x4fd with crng_init=0
[    0.000000] setup_percpu: NR_CPUS:8192 nr_cpumask_bits:2 nr_cpu_ids:2 nr_node_ids:1
[    0.000000] percpu: Embedded 46 pages/cpu @        (ptrval) s151552 r8192 d28672 u1048576
[    0.000000] PV qspinlock hash table entries: 256 (order: 0, 4096 bytes)
[    0.000000] Built 1 zonelists, mobility grouping on.  Total pages: 257913
[    0.000000] Policy zone: DMA32
[    0.000000] Kernel command line: BOOT_IMAGE=/boot/vmlinuz-4.15.0-43-generic root=LABEL=cloudimg-rootfs ro console=tty1 console=ttyS0
[    0.000000] Memory: 983056K/1048120K available (12300K kernel code, 2472K rwdata, 4252K rodata, 2408K init, 2416K bss, 65064K reserved, 0K cma-reserved)
[    0.000000] SLUB: HWalign=64, Order=0-3, MinObjects=0, CPUs=2, Nodes=1
[    0.000000] Kernel/User page tables ioltion:enabled
[    0.000000] ftrace: allocating 39186 entries in 154 pages
[    0.004000] Hierarchical RCU implementation.
[    0.004000] 	RCU restricting CPUs from NR_CPUS=8192 to nr_cpu_ids=2.
[    0.004000] 	Tasks RCU enabled.
[    0.004000] RCU: Adjusting geometry for rcu_fanout_leaf=16, nr_cp_ids=2
[    0.004000] NR_IRQS: 524544, nrr_irqs: 440, preallocated irqs: 16
[    0.004000] Console: colour VGA+ 80x25
[    0.00400] onsole [ty1] nabled
[    0.004000] cnsol[tyS0] enabled
[   0.004000 API: Core reviio20170831
    0.004000] CP:  ACPAML tabls uccesflly acired ad oaded[    0.004000] APIC: Switch to symmetric I/O mode setup
[    0.004245] x2apic enabled
[    0.005130] Switched APIC routing to physical x2apic.
[    0.008892] ..TIMER: vector=0x30 apic1=0 pin1=2 apic2=-1 pin2=-1
[    0.012004] tsc: Detected 2304.000 MHz processor
[    0.016011] Calibrating delay loop (skipped) preset value.. 4608.00 BogoMIPS (lpj=9216000)
[    0.017935] pid_max: default: 32768 minimum: 301
[    0.019070] Security Framework initialized
[    0.020002] Yama: becoming mindful.
[    0.024031] AppArmor: AppArmor initialized
[    0.029778] Dentry cache hash table entries: 131072 (order: 8, 1048576 bytes)
[    0.032087] Inode-cache hash table entries: 65536 (order: 7, 524288 bytes)
[    0.036027] Mount-cache hash table entries: 2048 (order: 2, 16384 bytes)
[    0.040011] Mountpoint-cache hash table entries: 2048 (order: 2, 16384 bytes)
[    0.042280] mce: CPU supports 0 MCE banks
[    0.043569] Last level iTLB entries: 4KB 64, 2MB 8, 4MB 8
[    0.044002] Last level dTLB entries: 4KB 64, 2MB 0, 4MB 0, 1GB 4
[    0.045775] Spectre V2 : Mitigation: Full generic retpoline
[    0.048003] Spectre V2 : Spectre v2 / SpectreRSB mitigation: Filling RSB on context switch
[    0.050094] Speculative Store Bypass: Vulnerable
[    0.052101] Freeing SMP alternatives memory: 36K
[    0.056000] APIC calibration not consistent with PM-Timer: 98ms instead of 100ms
[    0.056000] APIC delta adjusted to PM-Timer: 6249944 (6183945)
[    0.056081] smpboot: CPU0: Intel(R) Core(TM) i5-8259U CPU @ 2.30GHz (family: 0x6, model: 0x8e, stepping: 0xa)
[    0.060078] Performance Events: unsupported p6 CPU model 142 no PMU driver, software events only.
[    0.064028] Hierarchical SRCU implementation.
[    0.065626] NMI watchdog: Perf event create on CPU 0 failed with -2
[    0.067306] NMI watchdog: Perf NMI watchdog permanently disabled
[    0.068044] smp: Bringing up secondary CPUs ...
[    0.069197] x86: Booting SMP configuration:
[    0.070215] .... node  #0, CPUs:      #1
[    0.004000] kvm-clock: cpu 1, msr 0:3ff44041, secondary cpu clock
[    0.004000] mce: CPU supports 0 MCE banks
[    0.080023] smp: Brought up 1 node, 2 CPUs
[    0.081019] smpboot: Max logical packages: 1
[    0.084011] smpboot: Total of 2 processors activated (9216.00 BogoMIPS)
[    0.088138] devtmpfs: initialized
[    0.092060] x86/mm: Memory block size: 128MB
[    0.096150] evm: security.selinux
[    0.100012] evm: security.SMACK64
[    0.100906] evm: security.SMACK64EXEC
[    0.101834] evm: security.SMACK64TRANSMUTE
[    0.104002] evm: security.SMACK64MMAP
[    0.104905] evm: security.apparmor
[    0.105950] evm: security.ima
[    0.108003] evm: security.capability
[    0.108932] clocksource: jiffies: mask: 0xffffffff max_cycles: 0xffffffff, max_idle_ns: 7645041785100000 ns
[    0.110252] futex hash table entries: 512 (order: 3, 32768 bytes)
[    0.112046] pinctrl core: initialized pinctrl subsystem
[    0.118570] RTC time:  3:30:37, date: 01/24/19
[    0.120272] NET: Registered protocol family 16
[    0.124087] audit: initializing netlink subsys (disabled)
[    0.128059] audit: type=2000 audit(1548300638.396:1): state=initialized audit_enabled=0 res=1
[    0.136017] cpuidle: using governor ladder
[    0.137070] cpuidle: using governor menu
[    0.140060] ACPI: bus type PCI registered
[    0.141185] acpiphp: ACPI Hot Plug PCI Controller Driver version: 0.5
[    0.144029] PCI: Using configuration type 1 for base access
[    0.145498] HugeTLB registered 2.00 MiB page size, pre-allocated 0 pages
[    0.148142] ACPI: Added _OSI(Module Device)
[    0.149269] ACPI: Added _OSI(Processor Device)
[    0.152009] ACPI: Added _OSI(3.0 _SCP Extensions)
[    0.153486] ACPI: Added _OSI(Processor Aggregator Device)
[    0.154832] ACPI: Added _OSI(Linux-Dell-Video)
[    0.155966] ACPI: Added _OSI(Linux-Lenovo-NV-HDMI-Audio)
[    0.156510] ACPI: Executed 1 blocks of module-level executable AML code
[    0.162976] ACPI: Interpreter enabled
[    0.164012] ACPI: (supports S0 S5)
[    0.164862] ACPI: Using IOAPIC for interrupt routing
[    0.166224] PCI: Using host bridge windows from ACPI; if necessary, use "pci=nocrs" and report a bug
[    0.168242] ACPI: Enabled 2 GPEs in block 00 to 07
[    0.186624] ACPI: PCI Root Bridge [PCI0] (domain 0000 [bus 00-ff])
[    0.188038] acpi PNP0A03:00: _OSC: OS supports [ASPM ClockPM Segments MSI]
[    0.190376] acpi PNP0A03:00: _OSC: not requesting OS control; OS requires [ExtendedConfig ASPM ClockPM MSI]
[    0.192014] acpi PNP0A03:00: fail to add MMCONFIG information, can't access extended PCI configuration space under this bridge.
[    0.196510] PCI host bridge to bus 0000:00
[    0.197501] pci_bus 0000:00: root bus resource [io  0x0000-0x0cf7 window]
[    0.200014] pci_bus 0000:00: root bus resource [io  0x0d00-0xffff window]
[    0.204014] pci_bus 0000:00: root bus resource [mem 0x000a0000-0x000bffff window]
[    0.208014] pci_bus 0000:00: root bus resource [mem 0x40000000-0xfdffffff window]
[    0.212012] pci_bus 0000:00: root bus resource [bus 00-ff]
[    0.221338] pci 0000:00:01.1: legacy IDE quirk: reg 0x10: [io  0x01f0-0x01f7]
[    0.224035] pci 0000:00:01.1: legacy IDE quirk: reg 0x14: [io  0x03f6]
[    0.228008] pci 0000:00:01.1: legacy IDE quirk: reg 0x18: [io  0x0170-0x0177]
[    0.232006] pci 0000:00:01.1: legacy IDE quirk: reg 0x1c: [io  0x0376]
[    0.254940] pci 0000:00:07.0: quirk: [io  0x4000-0x403f] claimed by PIIX4 ACPI
[    0.256028] pci 0000:00:07.0: quirk: [io  0x4100-0x410f] claimed by PIIX4 SMB
[    0.278369] ACPI: PCI Interrupt Link [LNKA] (IRQs 5 9 10 *11)
[    0.280314] ACPI: PCI Interrupt Link [LNKB] (IRQs 5 9 *10 11)
[    0.282365] ACPI: PCI Interrupt Link [LNKC] (IRQs 5 *9 10 11)
[    0.284192] ACPI: PCI Interrupt Link [LNKD] (IRQs 5 9 10 *11)
[    0.286340] SCSI subsystem initialized
[    0.288062] pci 0000:00:02.0: vgaarb: setting as boot VGA device
[    0.289767] pci 0000:00:02.0: vgaarb: VGA device added: decodes=io+mem,owns=io+mem,locks=none
[    0.292005] pci 0000:00:02.0: vgaarb: bridge control possible
[    0.296003] vgaarb: loaded
[    0.300035] ACPI: bus type USB registered
[    0.304030] usbcore: registered new interface driver usbfs
[    0.308015] usbcore: registered new interface driver hub
[    0.309555] usbcore: registered new device driver usb
[    0.312019] EDAC MC: Ver: 3.0.0
[    0.313289] PCI: Using ACPI for IRQ routing
[    0.313414] NetLabel: Initializing
[    0.314242] NetLabel:  domain hash size = 128
[    0.316023] NetLabel:  protocols = UNLABELED CIPSOv4 CALIPSO
[    0.320025] NetLabel:  unlabeled traffic allowed by default
[    0.324077] clocksource: Switched to clocksource kvm-clock
[    0.338495] VF Dk ots qu_6..0[  03549VF Dotace hashtae ntries 5 (rdr  496bytes)
[   1.289464] AppArmor: AppArmor Filesystem Enabled
[    1.326460] pnp: PnP ACPI init
[  1.328729] pnp: PnP ACPI: found 3 devices

[    1.866]lockoue:acpi_pm: mask: 0xffffff max_cycles: 0xffffff, max_idle_ns: 2085701024 ns
[    1.598520] NET: Registered protocol family 2

[    1.602066] TCP established hash table entries: 8192 (order: 4, 65536 bytes)
[    1.603854] TCP bind hash table entries: 8192 (order: 5, 131072 bytes)
[    1.605771] TCP: Hash tables configured (established 8192 bind 8192)
[    1.607404] UDP hash table entries: 512 (order: 2, 16384 bytes)
[    1.608859] UDP-Lite hash table entries: 512 (order: 2, 16384 bytes)
[    1.610356] NET: Registered protocol family 1
[    1.611406] pci 0000:00:00.0: imiting direct PCI/PCI transfers
[    1.638845] pci 0000:00:01.0: Activating ISA DMA hang workarounds
[    1.640787] pci 0000:00:02.0: Video device with shadowed ROM at [mem 0x000c0000-0x000dffff]
[    1.643017] Unpacking initramfs...

[    1.956721] Freeing initrd memory: 19528K
[    1.964815] platform rtc_cmos: registered platform RTC device (no PNP device found)
[    1.988819] Scanning for low memory corruption every 60 seconds
[    2.006179] Initialise system trusted keyrings
[    2.012763] Key type blacklist registered
[    2.014113] workingset: timestamp_bits=36 max_order=18 bucket_order=0
[    2.016559] zbud: loaded
[    2.017643] squashfs: version 4.0 (2009/01/31) Phillip Lougher
[    2.019946] fuse init (API version 7.26)
[    2.036567] Key type asymmetric registered
[    2.054086] Asymmetric key parser 'x509' registered
[    2.089118] Block layer SCSI generic (bsg) driver version 0.4 loaded (major 246)
[    2.205433] io scheduler noop registered
[    2.286138] io scheduler deadline registered
[    2.337837] io scheduler cfq registered (default)
[    2.406423] ACPI: AC Adapter [AC] (on-line)
[    2.429695] input: Power Button as /devices/LNXSYSTM:00/LNXPWRBN:00/input/input0
[    2.433239] ACPI: Power Button [PWRF]
[    2.434885] input: Sleep Button as /devices/LNXSYSTM:00/LNXSLPBN:00/input/input1
[    2.439371] ACPI: Sleep Button [SLPF]
[    2.443470] ACPI: Battery Slot [BAT0] (battery present)
[    2.444270] Serial: 8250/16550 driver, 32 ports, IRQ sharing enabled
[    2.472196] 00:02: ttyS0 at I/O 0x3f8 (irq = 4, base_baud = 115200) is a 16550A
[    2.474895] Linux agpgart interface v0.103
[    2.479469] loop: module loaded
[    2.489692] scsi host0: ata_piix
[    2.539755] scsi host1: ata_piix
[    2.613999] ata1: PATA max UDMA/33 cmd 0x1f0 ctl 0x3f6 bmdma 0xd000 irq 14
[    2.711991] ata2: PATA max UDMA/33 cmd 0x170 ctl 0x376 bmdma 0xd008 irq 15
[    2.789653] libphy: Fixed MDIO Bus: probed
[    2.790661] tun: Universal TUN/TAP device driver, 1.6
[    2.793435] PPP generic driver version 2.4.2
[    2.794484] ehci_hcd: USB 2.0 'Enhanced' Host Controller (EHCI) Driver
[    2.798495] ehci-pci: EHCI PCI platform driver
[    2.799615] ehci-platform: EHCI generic platform driver
[    2.806476] ohci_hcd: USB 1.1 'Open' Host Controller (OHCI) Driver
[    2.808028] ohci-pci: OHCI PCI platform driver
[    2.809158] ohci-platform: OHCI generic platform driver
[    2.810451] uhci_hcd: USB Universal Host Controller Interface driver
[    2.812155] i8042: PNP: PS/2 Controller [PNP0303:PS2K,PNP0f03:PS2M] at 0x60,0x64 irq 1,12
[    2.814670] serio: i8042 KBD port at 0x60,0x64 irq 1
[    2.815921] serio: i8042 AUX port at 0x60,0x64 irq 12
[    2.822806] mousedev: PS/2 mouse device common for all mice
[    2.824478] input: AT Translated Set 2 keyboard as /devices/platform/i8042/serio0/input/input2
[    2.832794] rtc_cmos rtc_cmos: rtc core: registered rtc_cmos as rtc0
[    2.842244] rtc_cmos rtc_cmos: alarms up to one day, 114 bytes nvram
[    2.844071] i2c /dev entries driver
[    2.844978] pcie_mp2_amd: AMD(R) PCI-E MP2 Communication Driver Version: 1.0
[    2.846703] device-mapper: uevent: version 1.0.3
[    2.849636] device-mapper: ioctl: 4.37.0-ioctl (2017-09-20) initialised: dm-devel@redhat.com
[    2.875218] ledtrig-cpu: registered to indicate activity on CPUs
[    2.877368] NET: Registered protocol family 10
[    2.881711] Segment Routing with IPv6
[    2.882674] NET: Registered protocol family 17
[    2.883963] Key type dns_resolver registered
[    2.885385] RAS: Correctable Errors collector initialized.
[    2.886820] sched_clock: Marking stable (2885267264, 0)->(8217229179, -5331961915)
[    2.889215] registered taskstats version 1
[    2.890271] Loading compiled-in X.509 certificates
[    2.893729] Loaded X.509 cert 'Build time autogenerated kernel key: 6afcca3ddc80072aeae87585a7fdb65d40603f58'
[    2.910023] zswap: loaded using pool lzo/zbud
[    2.914768] Key type big_key registered
[    2.915778] Key type trusted registered
[    2.918526] Key type encrypted registered
[    2.919721] AppArmor: AppArmor sha1 policy hashing enabled
[    2.921219] ima: No TPM chip found, activating TPM-bypass! (rc=-19)
[    2.922986] ima: Allocated hash algorithm: sha1
[    2.924200] evm: HMAC attrs: 0x1
[    2.925430]   Magic number: 3:565:513
[    2.926434] rtc_cmos rtc_cmos: setting system clock to 2019-01-24 03:30:40 UTC (1548300640)
[    2.928754] BIOS EDD facility v0.16 2004-Jun-25, 0 devices found
[    2.931827] EDD information not available.
[    2.950939] Freeing unused kernel memory: 2408K
[    2.968112] Write protecting the kernel read-only data: 20480k
[    2.976074] tsc: Refined TSC clocksource calibration: 2303.826 MHz
[    2.987524] clocksource: tsc: mask: 0xffffffffffffffff max_cycles: 0x2135534575a, max_idle_ns: 440795211929 ns
[    2.990484] Freeing unused kernel memory: 2008K
[    2.994263] Freeing unused kernel memory: 1892K
[    2.999428] x86/mm: Checked W+X mappings: passed, no W+X pages found.
[    3.005395] x86/mm: Checking user space page tables
[    3.010737] x86/mm: Checked W+X mappings: passed, no W+X pages found.
Loading, please wait...
starting version 237
[    3.097354] Fusion MPT base driver 3.04.20
[    3.100059] Copyright (c) 1999-2008 LSI Corporation
[    3.147117] AVX2 version of gcm_enc/dec engaged.
[    3.148966] AES CTR mode by8 optimization enabled
[    3.195537] Fusion MPT SPI Host driver 3.04.20
[    3.226515] mptbase: ioc0: Initiating bringup
[    3.266172] e1000: Intel(R) PRO/1000 Network Driver - version 7.3.21-k8-NAPI
[    3.349617] e1000: Copyright (c) 1999-2006 Intel Corporation.
[    3.440965] input: ImExPS/2 Generic Explorer Mouse as /devices/platform/i8042/serio1/input/input4
[    3.518285] vboxvideo: loading out-of-tree module taints kernel.
[    3.530187] vboxvideo: module verification failed: signature and/or required key missing - tainting kernel
[    3.576561] ioc0: LSI53C1030 A0: Capabilities={Initiator}
[    3.903296] scsi host2: ioc0: LSI53C1030 A0, FwRev=00000000h, Ports=1, MaxQ=256, IRQ=20
[    4.074982] scsi 2:0:0:0: Direct-Access     VBOX     HARDDISK         1.0  PQ: 0 ANSI: 5
[    4.256152] scsi target2:0:0: Beginning Domain Validation
[    4.310154] scsi target2:0:0: Domain Validation skipping write tests
[    4.311753] scsi target2:0:0: Ending Domain Validation
[    4.313187] scsi target2:0:0: asynchronous
[    4.323928] scsi 2:0:1:0: Direct-Access     VBOX     HARDDISK         1.0  PQ: 0 ANSI: 5
[    4.500402] scsi target2:0:1: Beginning Domain Validation
[    4.526440] e1000 0000:00:03.0 eth0: (PCI:33MHz:32-bit) 02:2f:73:ea:27:92
[    4.526444] e1000 0000:00:03.0 eth0: Intel(R) PRO/1000 Network Connection
[    4.592174] [drm] VRAM 01000000
[    4.592425] [TTM] Zone  kernel: Available graphics memory: 504464 kiB
[    4.592425] [TTM] Initializing pool allocator
[    4.592428] [TTM] Initializing DMA pool allocator
[    4.623163] fbcon: vboxdrmfb (fb0) is primary device
[    4.625947] random: fast init done
[    4.626948] scsi target2:0:1: Domain Validation skipping write tests
[    4.626949] scsi target2:0:1: Ending Domain Validation
[    4.626964] Console: switching to colour frame buffer device 100x37
[    4.627072] scsi target2:0:1: asynchronous
[    4.636326] vboxvideo 0000:00:02.0: fb0: vboxdrmfb frame buffer device
[    4.641364] random: systemd-udevd: uninitialized urandom read (16 bytes read)
[    4.643054] random: systemd-udevd: uninitialized urandom read (16 bytes read)
[    4.643063] sd 2:0:0:0: Attached scsi generic sg0 type 0
[    4.646296] random: systemd-udevd: uninitialized urandom read (16 bytes read)
[    4.648127] sd 2:0:0:0: [sda] 20971520 512-byte logical blocks: (10.7 GB/10.0 GiB)
[    4.648152] sd 2:0:1:0: Attached scsi generic sg1 type 0
[    4.658169] [drm] Initialized vboxvideo 1.0.0 20130823 for 0000:00:02.0 on minor 0
[    4.658203] sd 2:0:1:0: [sdb] 20480 512-byte logical blocks: (10.5 MB/10.0 MiB)
[    4.658672] sd 2:0:1:0: [sdb] Write Protect is off
[    4.658686] sd 2:0:0:0: [sda] Write Protect is off
[    4.658810] sd 2:0:1:0: [sdb] Incomplete mode parameter data
[    4.658812] sd 2:0:1:0: [sdb] Assuming drive cache: write through
[    4.658824] sd 2:0:0:0: [sda] Incomplete mode parameter data
[    4.658825] sd 2:0:0:0: [sda] Assuming drive cache: write through
[    4.661185]  sda: sda1
[    4.661973] sd 2:0:1:0: [sdb] Attached SCSI disk
[    4.662465] sd 2:0:0:0: [sda] Attached SCSI disk
[    5.170758] e1000 0000:00:08.0 eth1: (PCI:33MHz:32-bit) 08:00:27:af:f0:b5
[    6.174408] e1000 0000:00:08.0 eth1: Intel(R) PRO/1000 Network Connection
[    6.251779] e1000 0000:00:08.0 enp0s8: renamed from eth1
[    6.322229] e1000 0000:00:03.0 enp0s3: renamed from eth0
Begin: Loading essential drivers ... [    6.560293] raid6: sse2x1   gen() 12537 MB/s
[    6.718503] raid6: sse2x1   xor()  9675 MB/s
[    6.836533] raid6: sse2x2   gen() 14105 MB/s
[    6.884052] raid6: sse2x2   xor()  9277 MB/s
[    6.960580] raid6: sse2x4   gen() 15581 MB/s
[    7.008229] raid6: sse2x4   xor()  8992 MB/s
[    7.064255] raid6: avx2x1   gen() 21844 MB/s
[    7.112393] raid6: avx2x1   xor() 14870 MB/s
[    7.168614] raid6: avx2x2   gen() 28955 MB/s
[    7.216226] raid6: avx2x2   xor() 15779 MB/s
[    7.272095] raid6: avx2x4   gen() 29947 MB/s
[    7.324241] raid6: avx2x4   xor() 18729 MB/s
[    7.334113] raid6: using algorithm avx2x4 gen() 29947 MB/s
[    7.335941] raid6: .... xor() 18729 MB/s, rmw enabled
[    7.339244] raid6: using avx2x2 recovery algorithm
[    7.362636] xor: automatically using best checksumming function   avx       
[    7.433532] async_tx: api initialized (async)
done.
Begin: Running /scripts/init-premount ... done.
Begin: M[    7.511799] Btrfs loaded, crc32c=crc32c-intel
ounting root file system ... Begin: Running /scripts/local-top ... done.
Begin: Running /scripts/local-premount ... Scanning for Btrfs filesystems
done.
Warning: fsck not present, so skipping root file system
[    7.687506] EXT4-fs (sda1): mounted filesystem with ordered data mode. Opts: (null)
done.
Begin: Running /scripts/local-bottom ... done.
Begin: Running /scripts/init-bottom ... done.
[    7.994408] ip_tables: (C) 2000-2006 Netfilter Core Team
[    8.003460] systemd[1]: systemd 237 running in system mode. (+PAM +AUDIT +SELINUX +IMA +APPARMOR +SMACK +SYSVINIT +UTMP +LIBCRYPTSETUP +GCRYPT +GNUTLS +ACL +XZ +LZ4 +SECCOMP +BLKID +ELFUTILS +KMOD -IDN2 +IDN -PCRE2 default-hierarchy=hybrid)
[    8.008972] systemd[1]: Detected virtualization oracle.
[    8.015943] systemd[1]: Detected architecture x86-64.

Welcome to [1mUbuntu 18.04.1 LTS[0m!

[    8.305457] systemd[1]: Set hostname to <ubuntu-bionic>.
[    8.697758] systemd[1]: Created slice System Slice.
[[0;32m  OK  [0m] Created slice System Slice.
[    8.700300] systemd[1]: Listening on Journal Socket.
[[0;32m  OK  [0m] Listening on Journal Socket.
[    8.711592] systemd[1]: Starting Uncomplicated firewall...
         Starting Uncomplicated firewall...
[    8.770278] systemd[1]: Mounting Huge Pages File System...
         Mounting Huge Pages File System...
[    8.873003] systemd[1]: Listening on Network Service Netlink Socket.
[[0;32m  OK  [0m] Listening on Network Service Netlink Socket.
[    8.877411] systemd[1]: Mounting Kernel Debug File System...
         Mounting Kernel Debug File System...
[[0;32m  OK  [0m] Listening on Journal Audit Socket.
[[0;32m  OK  [0m] Set up automount Arbitrary Executabâ€¦rmats File System Automount Point.
         Starting Remount Root and Kernel File S[    8.904434] EXT4-fs (sda1): re-mounted. Opts: (null)
ystems...
         Mounting POSIX Message Queue File System...
[[0;32m  OK  [0m] Listening on LVM2 poll daemon socket.
[[0;32m  OK  [0m] Listening on Syslog Socket.
         Starting Set the console keyboard layout...
[[0;32m  OK  [0m] Reached target System Time Synchronized.
[[0;32m  OK  [0m] Reached target User and Group Name Lookups.
[[0;32m  OK  [0m] Listening on LVM2 metadata daemon socket.
[[0;32m  OK  [0m] Listening on Journal Socket (/dev/log).
[[0;32m  OK  [0m] Listening on udev Kernel Socket.
[[0;32m  OK  [0m] Listening on udev Control Socket.
[[0;32m  OK  [0m] Created slice system-serial\x2dgetty.slice.
[[0;32m  OK  [0m] Listening on Device-mapper event daemon FIFOs.
         Starting Monitoring of LVM2 mirrorsâ€¦ng dmeventd or progress polling...
[[0;32m  OK  [0m] Listening on /dev/initctl Compatibility Named Pipe.
[[0;32m  OK  [0m] Reached target Swap.
         Starting Load Kernel Modules...
         Starting Create list of required stâ€¦ce nodes for the current kernel...
[[0;32m  OK  [0m] Started Forward Password Requests to Wall Directory Watch.
         Starting Journal Service...
[[0;32m  OK  [0m] Created slice User and Session Slice.
         Starting udev Coldplug all Devices...
[[0;32m  OK  [0m] [    9.002137] Loading iSCSI transport class v2.0-870.
Reached target Slices.
[[0;32m  OK  [0m] Started Uncomplicated firewall.
[[0;32m  OK  [0m] Mounted Huge Pages File System.
[[0;32m  OK  [0m] Mounted Kernel Debug File System.
[[0;32m  OK  [0m] Started Remount Root and Kernel File Systems.
[[0;32m  OK  [0m] Mounted POSIX Message Queue File System.
[[0;32m  OK  [0m] Started Create list of required staâ€¦vice nodes for the current kernel.
[    9.053056] iscsi: registered transport (tcp)
[[0;32m  OK  [0m] Started LVM2 metadata daemon.
         Starting Create Static Device Nodes in /dev...
[    9.112562] iscsi: registered transport (iser)
         Starting Initial cloud-init job (pre-networking)...
         Starting Load/Save Random Seed...
[[0;32m  OK  [0m] Started Journal Service.
[[0;32m  OK  [0m] Started Load Kernel Modules.
[[0;32m  OK  [0m] Started udev Coldplug all Devices.
[[0;32m  OK  [0m] Started Create Static Device Nodes in /dev.
         Starting udev Kernel Device Manager...
         Starting Apply Kernel Variables...
         Mounting FUSE Control File System...
         Mounting Kernel Configuration File System...
         Starting Flush Journal to Persistent Storage...
[[0;32m  OK  [0m] Started Monitoring of LVM2 mirrors,â€¦sing dmeventd or progress polling.
[[0;32m  OK  [0m] Mounted FUSE Control File System.
[[0;32m  OK  [0m] Mounted Kernel Configuration File System.
[[0;32m  OK  [0m] Started Load/Save Random Seed.
[[0;32m  OK  [0m] Started Set the console keyboard layout.
[[0;32m  OK  [0m] Reached target Local File Systems (Pre).
[[0;32m  OK  [0m] Reached target Local File Systems.
         Starting ebtables ruleset management...
         Starting Tell Plymouth To Write Out Runtime Data...
         Starting Set console font and keymap...
         Starting AppArmor initialization...
[[0;32m  OK  [0m] Started udev Kernel Device Manager.
[[0;32m  OK  [0m] Started Dispatch Password Requests to Console Directory Watch.
[[0;32m  OK  [0m] Reached target Local Encrypted Volumes.
[[0;32m  OK  [0m] Started Apply Kernel Variables.
[[0;32m  OK  [0m] Started Tell Plymouth To Write Out Runtime Data.
[[0;32m  OK  [0m] Started Set console font and keymap.
[[0;32m  OK  [0m] Found device /dev/ttyS0.
[[0;32m  OK  [0m] Listening on Load/Save RF Kill Switch Status /dev/rfkill Watch.
[[0;32m  OK  [0m] Started ebtables ruleset management.
[[0;32m  OK  [0m] Started Flush Journal to Persistent Storage.
         Starting Create Volatile Files and Directories...
[[0;32m  OK  [0m] Started Create Volatile Files and Directories.
         Starting Update UTMP about System Boot/Shutdown...
[[0;32m  OK  [0m] Started Update UTMP about System Boot/Shutdown.
[[0;32m  OK  [0m] Started AppArmor initialization.
[   10.841682] cloud-init[410]: Cloud-init v. 18.4-0ubuntu1~18.04.1 running 'init-local' at Thu, 24 Jan 2019 03:30:48 +0000. Up 10.64 seconds.
[[0;32m  OK  [0m] Started Initial cloud-init job (pre-networking).
[[0;32m  OK  [0m] Reached target Network (Pre).
         Starting Network Service...
[[0;32m  OK  [0m] Started Network Service.
         Starting Wait for Network to be Configured...
         Starting Network Name Resolution...
[[0;32m  OK  [0m] Started Network Name Resolution.
[[0;32m  OK  [0m] Reached target Host and Network Name Lookups.
[[0;32m  OK  [0m] Reached target Network.
[[0;32m  OK  [0m] Started Wait for Network to be Configured.
         Starting Initial cloud-init job (metadata service crawler)...
[   12.650636] cloud-init[686]: Cloud-init v. 18.4-0ubuntu1~18.04.1 running 'init' at Thu, 24 Jan 2019 03:30:50 +0000. Up 12.52 seconds.
[   12.677741] cloud-init[686]: ci-info: ++++++++++++++++++++++++++++++++++++++Net device info+++++++++++++++++++++++++++++++++++++++
[   12.680687] cloud-init[686]: ci-info: +--------+------+-----------------------------+---------------+--------+-------------------+
[   12.686113] cloud-init[686]: ci-info: | Device |  Up  |           Address           |      Mask     | Scope  |     Hw-Address    |
[   12.691632] cloud-init[686]: ci-info: +--------+------+-----------------------------+---------------+--------+-------------------+
[   12.695084] cloud-init[686]: ci-info: | enp0s3 | True |          10.0.2.15          | 255.255.255.0 | global | 02:2f:73:ea:27:92 |
[   12.698319] cloud-init[686]: ci-info: | enp0s3 | True |  fe80::2f:73ff:feea:2792/64 |       .       |  link  | 02:2f:73:ea:27:92 |
[   12.701726] cloud-init[686]: ci-info: | enp0s8 | True |        192.168.33.10        | 255.255.255.0 | global | 08:00:27:af:f0:b5 |
[   12.705012] cloud-init[686]: ci-info: | enp0s8 | True | fe80::a00:27ff:feaf:f0b5/64 |       .       |  link  | 08:00:27:af:f0:b5 |
[   12.709509] cloud-init[686]: ci-info: |   lo   | True |          127.0.0.1          |   255.0.0.0   |  host  |         .         |
[   12.713090] cloud-init[686]: ci-info: |   lo   | True |           ::1/128           |       .       |  host  |         .         |
[   12.715832] cloud-init[686]: ci-info: +--------+------+-----------------------------+---------------+--------+-------------------+
[   12.718339] cloud-init[686]: ci-info: +++++++++++++++++++++++++++++Route IPv4 info+++++++++++++++++++++++++++++
[   12.727937] cloud-init[686]: ci-info: +-------+--------------+----------+-----------------+-----------+-------+
[   12.731789] cloud-init[686]: ci-info: | Route | Destination  | Gateway  |     Genmask     | Interface | Flags |
[   12.745104] cloud-init[686]: ci-info: +-------+--------------+----------+-----------------+-----------+-------+
[   12.747371] cloud-init[686]: ci-info: |   0   |   0.0.0.0    | 10.0.2.2 |     0.0.0.0     |   enp0s3  |   UG  |
[   12.759211] cloud-init[686]: ci-info: |   1   |   10.0.2.0   | 0.0.0.0  |  255.255.255.0  |   enp0s3  |   U   |
[   12.761553] cloud-init[686]: ci-info: |   2   |   10.0.2.2   | 0.0.0.0  | 255.255.255.255 |   enp0s3  |   UH  |
[   12.765898] cloud-init[686]: ci-info: |   3   | 192.168.33.0 | 0.0.0.0  |  255.255.255.0  |   enp0s8  |   U   |
[   12.770403] cloud-init[686]: ci-info: +-------+--------------+----------+-----------------+-----------+-------+
[   12.773917] cloud-init[686]: ci-info: +++++++++++++++++++Route IPv6 info+++++++++++++++++++
[   12.776395] cloud-init[686]: ci-info: +-------+-------------+---------+-----------+-------+
[   12.778865] cloud-init[686]: ci-info: | Route | Destination | Gateway | Interface | Flags |
[   12.781491] cloud-init[686]: ci-info: +-------+-------------+---------+-----------+-------+
[   12.784023] cloud-init[686]: ci-info: |   1   |  fe80::/64  |    ::   |   enp0s8  |   U   |
[   12.786767] cloud-init[686]: ci-info: |   2   |  fe80::/64  |    ::   |   enp0s3  |   U   |
[   12.789376] cloud-init[686]: ci-info: |   4   |    local    |    ::   |   enp0s3  |   U   |
[   12.791494] cloud-init[686]: ci-info: |   5   |    local    |    ::   |   enp0s8  |   U   |
[   12.793947] cloud-init[686]: ci-info: |   6   |   ff00::/8  |    ::   |   enp0s8  |   U   |
[   12.796506] cloud-init[686]: ci-info: |   7   |   ff00::/8  |    ::   |   enp0s3  |   U   |
[   12.799105] cloud-init[686]: ci-info: +-------+-------------+---------+-----------+-------+
[[0;32m  OK  [0m] Started Initial cloud-init job (metadata service crawler).
[[0;32m  OK  [0m] Reached target Cloud-config availability.
[[0;32m  OK  [0m] Reached target System Initialization.
         Starting LXD - unix socket.
[[0;32m  OK  [0m] Listening on UUID daemon activation socket.
[[0;32m  OK  [0m] Started Daily Cleanup of Temporary Directories.
         Starting Socket activation for snappy daemon.
[[0;32m  OK  [0m] Listening on Open-iSCSI iscsid Socket.
[[0;32m  OK  [0m] Started Discard unused blocks once a week.
[[0;32m  OK  [0m] Started ACPI Events Check.
[[0;32m  OK  [0m] Listening on ACPID Listen Socket.
[[0;32m  OK  [0m] Started Message of the Day.
[[0;32m  OK  [0m] Listening on D-Bus System Message Bus Socket.
[[0;32m  OK  [0m] Started Daily apt download activities.
[[0;32m  OK  [0m] Started Daily apt upgrade and clean activities.
[[0;32m  OK  [0m] Reached target Timers.
[[0;32m  OK  [0m] Reached target Paths.
[[0;32m  OK  [0m] Reached target Network is Online.
[[0;32m  OK  [0m] Reached target Remote File Systems (Pre).
[[0;32m  OK  [0m] Reached target Remote File Systems.
         Starting Availability of block devices...
[[0;32m  OK  [0m] Listening on LXD - unix socket.
[[0;32m  OK  [0m] Listening on Socket activation for snappy daemon.
[[0;32m  OK  [0m] Started Availability of block devices.
[[0;32m  OK  [0m] Reached target Sockets.
[[0;32m  OK  [0m] Reached target Basic System.
         Starting OpenBSD Secure Shell server...
         Starting Permit User Sessions...
[[0;32m  OK  [0m] Started Deferred execution scheduler.
[[0;32m  OK  [0m] Started FUSE filesystem for LXC.
         Starting System Logging Service...
[[0;32m  OK  [0m] Started D-Bus System Message Bus.
         Starting Dispatcher daemon for systemd-networkd...
[[0;32m  OK  [0m] Started irqbalance daemon.
         Starting LSB: Record successful boot for GRUB...
         Starting LSB: automatic crash report generation...
         Starting Accounts Service...
         Starting Login Service...
[[0;32m  OK  [0m] Started Regular background program processing daemon.
         Starting vboxadd.service...
         Starting Snappy daemon...
         Starting LXD - container startup/shutdown...
[[0;32m  OK  [0m] Started System Logging Service.
[[0;32m  OK  [0m] Started Permit User Sessions.
[[0;32m  OK  [0m] Started OpenBSD Secure Shell server.
[[0;32m  OK  [0m] Started Login Service.
         Starting Authorization Manager...
[[0;32m  OK  [0m] Started Unattended Upgrades Shutdown.
         Starting Terminate Plymouth Boot Screen...
         Starting Hold until boot process finishes up...
[[0;32m  OK  [0m] Started Terminate Plymouth Boot Screen.
[[0;32m  OK  [0m] Started Hold until boot process finishes up.
[[0;32m  OK  [0m] Started LSB: Record successful boot for GRUB.
[[0;32m  OK  [0m] Started LSB: automatic crash report generation.
[[0;32m  OK  [0m] Started LXD - container startup/shutdown.
[[0;32m  OK  [0m] Started Authorization Manager.
[[0;32m  OK  [0m] Started Accounts Service.
[[0;32m  OK  [0m] Created slice User Slice of vagrant.
         Starting Set console scheme...
[[0;32m  OK  [0m] Started Serial Getty on ttyS0.
[[0;32m  OK  [0m] Started Snappy daemon.
[[0;32m  OK  [0m] Started Set console scheme.
[[0;32m  OK  [0m] Started Session 1 of user vagrant.
[[0;32m  OK  [0m] Created slice system-getty.slice.
[[0;32m  OK  [0m] Started Getty on tty1.
[[0;32m  OK  [0m] Reached target Login Prompts.
         Starting Wait until snapd is fully seeded...
         Starting User Manager for UID 1000...
[[0;32m  OK  [0m] Started Dispatcher daemon for systemd-networkd.
[[0;32m  OK  [0m] Started Wait until snapd is fully seeded.
         Starting Apply the settings specified in cloud-config...
[[0;32m  OK  [0m] Started vboxadd.service.
         Starting vboxadd-service.service...
[[0;32m  OK  [0m] Started User Manager for UID 1000.
[[0;32m  OK  [0m] Started vboxadd-service.service.
[[0;32m  OK  [0m] Reached target Multi-User System.
[[0;32m  OK  [0m] Reached target Graphical Interface.
         Starting Update UTMP about System Runlevel Changes...
[[0;32m  OK  [0m] Started Update UTMP about System Runlevel Changes.
[   14.748564] cloud-init[1109]: Cloud-init v. 18.4-0ubuntu1~18.04.1 running 'modules:config' at Thu, 24 Jan 2019 03:30:52 +0000. Up 14.63 seconds.
[[0;32m  OK  [0m] Started Apply the settings specified in cloud-config.
         Starting Execute cloud user/final scripts...
[   15.301913] cloud-init[1220]: Cloud-init v. 18.4-0ubuntu1~18.04.1 running 'modules:final' at Thu, 24 Jan 2019 03:30:52 +0000. Up 15.20 seconds.
[   15.339679] cloud-init[1220]: Cloud-init v. 18.4-0ubuntu1~18.04.1 finished at Thu, 24 Jan 2019 03:30:52 +0000. Datasource DataSourceNoCloud [seed=/dev/sdb][dsmode=net].  Up 15.29 seconds
[[0;32m  OK  [0m] Started Execute cloud user/final scripts.
[[0;32m  OK  [0m] Reached target Cloud-init target.

Ubuntu 18.04.1 LTS ubuntu-bionic ttyS0

ubuntu-bionic login: [[0[         Stopping vboxadd-service.service...
         Stopping D-Bus System Message Bus...
         Stopping Deferred execution scheduler...
[[0;32m  OK  [0m] Unmounted /var/lib/lxcfs.
[[0;32m  OK  [0m] Stopped Deferred execution scheduler.
[[0;32m  OK  [0m] Stopped System Logging Service.
[[0;32m  OK  [0m] Stopped Dispatcher daemon for systemd-networkd.
[[0;32m  OK  [0m] Stopped irqbalance daemon.
[[0;32m  OK  [0m] Stopped Accounts Service.
[[0;32m  OK  [0m] Stopped Regular background program processing daemon.
[[0;32m  OK  [0m] Stopped Snappy daemon.
[[0;32m  OK  [0m] Stopped OpenBSD Secure Shell server.
[[0;32m  OK  [0m] Stopped Authorization Manager.
[[0;32m  OK  [0m] Stopped Serial Getty on ttyS0.
[[0;32m  OK  [0m] Stopped Getty on tty1.
[[0;32m  OK  [0m] Stopped User Manager for UID 1000.
[[0;32m  OK  [0m] Stopped D-Bus System Message Bus.
[[0;32m  OK  [0m] Stopped FUSE filesystem for LXC.
[[0;32m  OK  [0m] Stopped Session 30 of user vagrant.
[[0;32m  OK  [0m] Stopped Unattended Upgrades Shutdown.
[[0;32m  OK  [0m] Stopped LXD - container startup/shutdown.
[[0;32m  OK  [0m] Stopped Availability of block devices.
[[0;32m  OK  [0m] Stopped vboxadd-service.service.
[[0;32m  OK  [0m] Stopped LSB: automatic crash report generation.
         Stopping vboxadd.service...
[[0;32m  OK  [0m] Removed slice User Slice of vagrant.
         Stopping Login Service...
[[0;32m  OK  [0m] Removed slice system-getty.slice.
[[0;32m  OK  [0m] Removed slice system-serial\x2dgetty.slice.
         Stopping Permit User Sessions...
[[0;32m  OK  [0m] Stopped LSB: Record successful boot for GRUB.
[[0;32m  OK  [0m] Unmounted /vagrant.
[[0;32m  OK  [0m] Stopped Login Service.
[[0;32m  OK  [0m] Stopped vboxadd.service.
[[0;32m  OK  [0m] Stopped Permit User Sessions.
[[0;32m  OK  [0m] Stopped target Network.
         Stopping Network Name Resolution...
[[0;32m  OK  [0m] Stopped target Remote File Systems.
[[0;32m  OK  [0m] Stopped target Remote File Systems (Pre).
[[0;32m  OK  [0m] Stopped target User and Group Name Lookups.
[[0;32m  OK  [0m] Stopped target Basic System.
[[0;32m  OK  [0m] Stopped target Sockets.
[[0;32m  OK  [0m] Closed D-Bus System Message Bus Socket.
[[0;32m  OK  [0m] Closed Syslog Socket.
[[0;32m  OK  [0m] Closed UUID daemon activation socket.
[[0;32m  OK  [0m] Closed Socket activation for snappy daemon.
[[0;32m  OK  [0m] Closed LXD - unix socket.
[[0;32m  OK  [0m] Closed Open-iSCSI iscsid Socket.
[[0;32m  OK  [0m] Closed ACPID Listen Socket.
[[0;32m  OK  [0m] Stopped target Paths.
[[0;32m  OK  [0m] Stopped ACPI Events Check.
[[0;32m  OK  [0m] Stopped target Slices.
[[0;32m  OK  [0m] Removed slice User and Session Slice.
[[0;32m  OK  [0m] Stopped target System Initialization.
         Stopping Load/Save Random Seed...
[[0;32m  OK  [0m] Stopped target Local Encrypted Volumes.
[[0;32m  OK  [0m] Stopped Dispatch Password Requests to Console Directory Watch.
[[0;32m  OK  [0m] Stopped Forward Password Requests to Wall Directory Watch.
         Stopping Update UTMP about System Boot/Shutdown...
[[0;32m  OK  [0m] Stopped Initial cloud-init job (metadata service crawler).
[[0;32m  OK  [0m] Stopped Network Name Resolution.
[[0;32m  OK  [0m] Stopped Load/Save Random Seed.
         Stopping Network Service...
[[0;32m  OK  [0m] Stopped Update UTMP about System Boot/Shutdown.
[[0;32m  OK  [0m] Stopped Create Volatile Files and Directories.
[[0;32m  OK  [0m] Stopped target Local File Systems.
         Unmounting /run/user/1000...
[[0;32m  OK  [0m] Unmounted /run/user/1000.
[[0;32m  OK  [0m] Stopped Network Service.
[[0;32m  OK  [0m] Stopped target Network (Pre).
[[0;32m  OK  [0m] Stopped Initial cloud-init job (pre-networking).
[[0;32m  OK  [0m] Stopped Apply Kernel Variables.
[[0;32m  OK  [0m] Stopped Load Kernel Modules.
[[0;32m  OK  [0m] Reached target Unmount All Filesystems.
[[0;32m  OK  [0m] Stopped target Swap.
[[0;32m  OK  [0m] Stopped target Local File Systems (Pre).
[[0;32m  OK  [0m] Stopped Remount Root and Kernel File Systems.
[[0;32m  OK  [0m] Stopped Create Static Device Nodes in /dev.
[[0;32m  OK  [0m] Reached target Shutdown.
[[0;32m  OK  [0m] Reached target Final Step.
         Starting Power-Off...
         Stopping Monitoring of LVM2 mirrorsâ€¦ng dmeventd or progress polling...
[[0;32m  OK  [0m] Stopped Monitoring of LVM2 mirrors,â€¦sing dmeventd or progress polling.
         Stopping LVM2 metadata daemon...
[[0;32m  OK  [0m] Stopped LVM2 metadata daemon.
[32045.542704] reboot: Power down
